Category: 📺央视频道, Name: CCTV-2, Total: 8, Valid: 8, Valid Percent: 100.00%, Whitelist: 0, IPv4: 8, IPv6: 0, Min Delay: 636 ms, Max Speed: 2.70 M/s, Avg Speed: 1.76 M/s, Max Resolution: 1920x1080
Category: 📺央视频道, Name: CCTV-3, Total: 8, Valid: 6, Valid Percent: 75.00%, Whitelist: 0, IPv4: 8, IPv6: 0, Min Delay: 456 ms, Max Speed: 1.54 M/s, Avg Speed: 1.25 M/s, Max Resolution: 1920x1080
Category: 📺央视频道, Name: CCTV-4, Total: 8, Valid: 8, Valid Percent: 100.00%, Whitelist: 0, IPv4: 8, IPv6: 0, Min Delay: 456 ms, Max Speed: 5.71 M/s, Avg Speed: 2.90 M/s, Max Resolution: 1920x1080
Category: 📺央视频道, Name: CCTV-5, Total: 12, Valid: 11, Valid Percent: 91.67%, Whitelist: 0, IPv4: 12, IPv6: 0, Min Delay: 456 ms, Max Speed: 5.71 M/s, Avg Speed: 2.19 M/s, Max Resolution: 1920x1080
Category: 📺央视频道, Name: CCTV-5+, Total: 4, Valid: 4, Valid Percent: 100.00%, Whitelist: 0, IPv4: 4, IPv6: 0, Min Delay: 530 ms, Max Speed: 5.71 M/s, Avg Speed: 3.18 M/s, Max Resolution: 1280x720
Category: 📺央视频道, Name: CCTV-6, Total: 14, Valid: 13, Valid Percent: 92.86%, Whitelist: 0, IPv4: 14, IPv6: 0, Min Delay: 456 ms, Max Speed: 5.71 M/s, Avg Speed: 1.78 M/s, Max Resolution: 1920x1080
Category: 📺央视频道, Name: CCTV-7, Total: 10, Valid: 9, Valid Percent: 90.00%, Whitelist: 0, IPv4: 10, IPv6: 0, Min Delay: 456 ms, Max Speed: 5.71 M/s, Avg Speed: 2.12 M/s, Max Resolution: 1920x1080
Category: 📺央视频道, Name: CCTV-8, Total: 17, Valid: 16, Valid Percent: 94.12%, Whitelist: 0, IPv4: 17, IPv6: 0, Min Delay: 51 ms, Max Speed: 100.52 M/s, Avg Speed: 14.24 M/s, Max Resolution: 1920x1080
Category: 📺央视频道, Name: CCTV-9, Total: 14, Valid: 13, Valid Percent: 92.86%, Whitelist: 0, IPv4: 14, IPv6: 0, Min Delay: 51 ms, Max Speed: 100.52 M/s, Avg Speed: 9.55 M/s, Max Resolution: 1920x1080
Category: 📺央视频道, Name: CCTV-10, Total: 17, Valid: 16, Valid Percent: 94.12%, Whitelist: 0, IPv4: 17, IPv6: 0, Min Delay: 51 ms, Max Speed: 100.52 M/s, Avg Speed: 7.79 M/s, Max Resolution: 1920x1080
Category: 📺央视频道, Name: CCTV-11, Total: 14, Valid: 13, Valid Percent: 92.86%, Whitelist: 0, IPv4: 14, IPv6: 0, Min Delay: 51 ms, Max Speed: 100.52 M/s, Avg Speed: 9.57 M/s, Max Resolution: 1920x1080
Category: 📺央视频道, Name: CCTV-12, Total: 14, Valid: 13, Valid Percent: 92.86%, Whitelist: 0, IPv4: 14, IPv6: 0, Min Delay: 51 ms, Max Speed: 100.52 M/s, Avg Speed: 9.57 M/s, Max Resolution: 1920x1080
Category: 📺央视频道, Name: CCTV-13, Total: 14, Valid: 13, Valid Percent: 92.86%, Whitelist: 0, IPv4: 12, IPv6: 2, Min Delay: 51 ms, Max Speed: 100.52 M/s, Avg Speed: 9.49 M/s, Max Resolution: 1920x1080
Category: 📺央视频道, Name: CCTV-14, Total: 14, Valid: 13, Valid Percent: 92.86%, Whitelist: 0, IPv4: 13, IPv6: 1, Min Delay: 51 ms, Max Speed: 100.52 M/s, Avg Speed: 9.59 M/s, Max Resolution: 1920x1080
Category: 📺央视频道, Name: CCTV-15, Total: 14, Valid: 13, Valid Percent: 92.86%, Whitelist: 0, IPv4: 14, IPv6: 0, Min Delay: 51 ms, Max Speed: 100.52 M/s, Avg Speed: 9.57 M/s, Max Resolution: 1920x1080
Category: 📺央视频道, Name: CCTV-16, Total: 12, Valid: 12, Valid Percent: 100.00%, Whitelist: 0, IPv4: 12, IPv6: 0, Min Delay: 51 ms, Max Speed: 100.52 M/s, Avg Speed: 10.29 M/s, Max Resolution: 1920x1080
Category: 📺央视频道, Name: CCTV-17, Total: 12, Valid: 12, Valid Percent: 100.00%, Whitelist: 0, IPv4: 12, IPv6: 0, Min Delay: 51 ms, Max Speed: 100.52 M/s, Avg Speed: 10.28 M/s, Max Resolution: 1920x1080
Category: 📡卫视频道, Name: 广东卫视, Total: 9, Valid: 8, Valid Percent: 88.89%, Whitelist: 0, IPv4: 9, IPv6: 0, Min Delay: 51 ms, Max Speed: 100.52 M/s, Avg Speed: 14.68 M/s, Max Resolution: 1920x1080
Category: 📡卫视频道, Name: 浙江卫视, Total: 8, Valid: 8, Valid Percent: 100.00%, Whitelist: 0, IPv4: 8, IPv6: 0, Min Delay: 51 ms, Max Speed: 100.52 M/s, Avg Speed: 14.68 M/s, Max Resolution: 1920x1080
Category: 📡卫视频道, Name: 湖南卫视, Total: 15, Valid: 14, Valid Percent: 93.33%, Whitelist: 0, IPv4: 15, IPv6: 0, Min Delay: 51 ms, Max Speed: 100.52 M/s, Avg Speed: 9.75 M/s, Max Resolution: 1920x1080
Category: 📡卫视频道, Name: 北京卫视, Total: 10, Valid: 9, Valid Percent: 90.00%, Whitelist: 0, IPv4: 10, IPv6: 0, Min Delay: 51 ms, Max Speed: 100.52 M/s, Avg Speed: 13.23 M/s, Max Resolution: 1920x1080
Category: 📡卫视频道, Name: 湖北卫视, Total: 10, Valid: 9, Valid Percent: 90.00%, Whitelist: 0, IPv4: 10, IPv6: 0, Min Delay: 51 ms, Max Speed: 100.52 M/s, Avg Speed: 13.15 M/s, Max Resolution: 1920x1080
Category: 📡卫视频道, Name: 黑龙江卫视, Total: 10, Valid: 9, Valid Percent: 90.00%, Whitelist: 0, IPv4: 10, IPv6: 0, Min Delay: 51 ms, Max Speed: 100.52 M/s, Avg Speed: 13.15 M/s, Max Resolution: 1920x1080
Category: 📡卫视频道, Name: 安徽卫视, Total: 11, Valid: 10, Valid Percent: 90.91%, Whitelist: 0, IPv4: 11, IPv6: 0, Min Delay: 51 ms, Max Speed: 100.52 M/s, Avg Speed: 12.00 M/s, Max Resolution: 1920x1080
Category: 📡卫视频道, Name: 重庆卫视, Total: 10, Valid: 9, Valid Percent: 90.00%, Whitelist: 0, IPv4: 10, IPv6: 0, Min Delay: 51 ms, Max Speed: 100.52 M/s, Avg Speed: 13.15 M/s, Max Resolution: 1920x1080
Category: 📡卫视频道, Name: 东方卫视, Total: 11, Valid: 10, Valid Percent: 90.91%, Whitelist: 0, IPv4: 11, IPv6: 0, Min Delay: 51 ms, Max Speed: 100.52 M/s, Avg Speed: 12.44 M/s, Max Resolution: 1920x1080
Category: 📡卫视频道, Name: 东南卫视, Total: 8, Valid: 7, Valid Percent: 87.50%, Whitelist: 0, IPv4: 8, IPv6: 0, Min Delay: 51 ms, Max Speed: 100.52 M/s, Avg Speed: 16.46 M/s, Max Resolution: 1920x1080
Category: 📡卫视频道, Name: 甘肃卫视, Total: 5, Valid: 5, Valid Percent: 100.00%, Whitelist: 0, IPv4: 5, IPv6: 0, Min Delay: 51 ms, Max Speed: 100.52 M/s, Avg Speed: 22.55 M/s, Max Resolution: 1920x1080
Category: 📡卫视频道, Name: 广西卫视, Total: 8, Valid: 6, Valid Percent: 75.00%, Whitelist: 0, IPv4: 8, IPv6: 0, Min Delay: 51 ms, Max Speed: 100.52 M/s, Avg Speed: 19.03 M/s, Max Resolution: 1920x1080
Category: 📡卫视频道, Name: 贵州卫视, Total: 9, Valid: 8, Valid Percent: 88.89%, Whitelist: 0, IPv4: 9, IPv6: 0, Min Delay: 51 ms, Max Speed: 100.52 M/s, Avg Speed: 14.59 M/s, Max Resolution: 1920x1080
Category: 📡卫视频道, Name: 海南卫视, Total: 5, Valid: 5, Valid Percent: 100.00%, Whitelist: 0, IPv4: 5, IPv6: 0, Min Delay: 51 ms, Max Speed: 100.52 M/s, Avg Speed: 21.64 M/s, Max Resolution: 1920x1080
Category: 📡卫视频道, Name: 河北卫视, Total: 11, Valid: 10, Valid Percent: 90.91%, Whitelist: 0, IPv4: 11, IPv6: 0, Min Delay: 51 ms, Max Speed: 100.52 M/s, Avg Speed: 11.96 M/s, Max Resolution: 1920x1080
Category: 📡卫视频道, Name: 河南卫视, Total: 11, Valid: 10, Valid Percent: 90.91%, Whitelist: 0, IPv4: 11, IPv6: 0, Min Delay: 51 ms, Max Speed: 100.52 M/s, Avg Speed: 12.00 M/s, Max Resolution: 1920x1080
Category: 📡卫视频道, Name: 吉林卫视, Total: 9, Valid: 8, Valid Percent: 88.89%, Whitelist: 0, IPv4: 9, IPv6: 0, Min Delay: 51 ms, Max Speed: 100.52 M/s, Avg Speed: 14.59 M/s, Max Resolution: 1920x1080
Category: 📡卫视频道, Name: 江苏卫视, Total: 11, Valid: 10, Valid Percent: 90.91%, Whitelist: 0, IPv4: 11, IPv6: 0, Min Delay: 51 ms, Max Speed: 100.52 M/s, Avg Speed: 12.44 M/s, Max Resolution: 1920x1080
Category: 📡卫视频道, Name: 江西卫视, Total: 10, Valid: 9, Valid Percent: 90.00%, Whitelist: 0, IPv4: 10, IPv6: 0, Min Delay: 51 ms, Max Speed: 100.52 M/s, Avg Speed: 13.15 M/s, Max Resolution: 1920x1080
Category: 📡卫视频道, Name: 辽宁卫视, Total: 9, Valid: 8, Valid Percent: 88.89%, Whitelist: 0, IPv4: 9, IPv6: 0, Min Delay: 51 ms, Max Speed: 100.52 M/s, Avg Speed: 14.59 M/s, Max Resolution: 1920x1080
Category: 📡卫视频道, Name: 内蒙古卫视, Total: 10, Valid: 10, Valid Percent: 100.00%, Whitelist: 0, IPv4: 10, IPv6: 0, Min Delay: 51 ms, Max Speed: 100.52 M/s, Avg Speed: 12.00 M/s, Max Resolution: 1920x1080
Category: 📡卫视频道, Name: 宁夏卫视, Total: 7, Valid: 7, Valid Percent: 100.00%, Whitelist: 0, IPv4: 7, IPv6: 0, Min Delay: 51 ms, Max Speed: 100.52 M/s, Avg Speed: 16.53 M/s, Max Resolution: 1920x1080
Category: 📡卫视频道, Name: 青海卫视, Total: 11, Valid: 11, Valid Percent: 100.00%, Whitelist: 0, IPv4: 9, IPv6: 2, Min Delay: 51 ms, Max Speed: 100.52 M/s, Avg Speed: 10.89 M/s, Max Resolution: 1920x1080
Category: 📡卫视频道, Name: 山东卫视, Total: 12, Valid: 11, Valid Percent: 91.67%, Whitelist: 0, IPv4: 12, IPv6: 0, Min Delay: 51 ms, Max Speed: 100.52 M/s, Avg Speed: 10.74 M/s, Max Resolution: 1920x1080
Category: 📡卫视频道, Name: 山西卫视, Total: 8, Valid: 8, Valid Percent: 100.00%, Whitelist: 0, IPv4: 8, IPv6: 0, Min Delay: 51 ms, Max Speed: 100.52 M/s, Avg Speed: 14.66 M/s, Max Resolution: 1920x1080
Category: 📡卫视频道, Name: 陕西卫视, Total: 9, Valid: 9, Valid Percent: 100.00%, Whitelist: 0, IPv4: 9, IPv6: 0, Min Delay: 51 ms, Max Speed: 100.52 M/s, Avg Speed: 13.15 M/s, Max Resolution: 1920x1080
Category: 📡卫视频道, Name: 四川卫视, Total: 10, Valid: 9, Valid Percent: 90.00%, Whitelist: 0, IPv4: 10, IPv6: 0, Min Delay: 51 ms, Max Speed: 100.52 M/s, Avg Speed: 13.15 M/s, Max Resolution: 1920x1080
Category: 📡卫视频道, Name: 深圳卫视, Total: 10, Valid: 10, Valid Percent: 100.00%, Whitelist: 0, IPv4: 10, IPv6: 0, Min Delay: 51 ms, Max Speed: 100.52 M/s, Avg Speed: 12.00 M/s, Max Resolution: 1920x1080
Category: 📡卫视频道, Name: 三沙卫视, Total: 6, Valid: 6, Valid Percent: 100.00%, Whitelist: 0, IPv4: 6, IPv6: 0, Min Delay: 51 ms, Max Speed: 100.52 M/s, Avg Speed: 18.85 M/s, Max Resolution: 1920x1080
Category: 📡卫视频道, Name: 天津卫视, Total: 8, Valid: 8, Valid Percent: 100.00%, Whitelist: 0, IPv4: 8, IPv6: 0, Min Delay: 51 ms, Max Speed: 100.52 M/s, Avg Speed: 14.56 M/s, Max Resolution: 1920x1080
Category: 📡卫视频道, Name: 西藏卫视, Total: 9, Valid: 9, Valid Percent: 100.00%, Whitelist: 0, IPv4: 7, IPv6: 2, Min Delay: 51 ms, Max Speed: 100.52 M/s, Avg Speed: 12.78 M/s, Max Resolution: 1920x1080
Category: 📡卫视频道, Name: 新疆卫视, Total: 10, Valid: 10, Valid Percent: 100.00%, Whitelist: 0, IPv4: 9, IPv6: 1, Min Delay: 51 ms, Max Speed: 100.52 M/s, Avg Speed: 11.89 M/s, Max Resolution: 1920x1080
Category: 📡卫视频道, Name: 云南卫视, Total: 11, Valid: 10, Valid Percent: 90.91%, Whitelist: 0, IPv4: 10, IPv6: 1, Min Delay: 51 ms, Max Speed: 100.52 M/s, Avg Speed: 11.78 M/s, Max Resolution: 1920x1080
